 Error (use-package): Failed to install combobulate: Package ‘combobulate’ is unavailable
Error (use-package): Failed to install claude-code-ide: Package ‘claude-code-ide’ is unavailable
